
Error detected while processing /Users/egrasmed/.vim/plugin/start/vim-go/autoload/ctrlp/decls.vim:
line  149:
E121: Undefined variable: g:ctrlp_builtins
E15: Invalid expression: g:ctrlp_builtins + len(g:ctrlp_ext_vars)
Error detected while processing /Users/egrasmed/src/github.com/emilyagras/agentGopher/conway.go:
line    1:
E492: Not an editor command: package main
line    3:
E492: Not an editor command: import (
line    6:
E492: Not an editor command: )
line    8:
E128: Function name must start with a capital or "s:": sayhelloName(w http.ResponseWriter, r *http.Request) {
line    9:
E492: Not an editor command: ^Ifmt.Fprintf(w, `{ "text": "ohai" }`) // send data to client side
line   10:
E492: Not an editor command: }
line   12:
E128: Function name must start with a capital or "s:": main() {
line   13:
E492: Not an editor command: ^Ihttp.HandleFunc("/asdf.json", sayhelloName) // set router
line   14:
E492: Not an editor command: ^Ihttp.HandleFunc("/", http.FileServer(http.Dir("js-display"))
line   16:
E492: Not an editor command: ^Ierr := http.ListenAndServe(":9090", nil) // set listen port
line   17:
E121: Undefined variable: err
E15: Invalid expression: err != nil {
line   21:
E171: Missing :endif
Error detected while processing function Test_add_tags:
line    2:
E484: Can't open file test-fixtures/tags/add_all_input.go
line    4:
E484: Can't open file test-fixtures/tags/add_all_golden.go
vim-go: requires 'json_decode'. Update your Vim/Neovim version.
line   11:
E117: Unknown function: assert_equal
Error detected while processing /Users/egrasmed/.vim/plugin/start/vim-go/scripts/runtest.vim:
line   40:
E121: Undefined variable: v:errors
E116: Invalid arguments for function len(v:errors) > 0
E15: Invalid expression: len(v:errors) > 0

From conway.go:
=== RUN   Test_add_tags

Executed 1 test. Total test time: 1.036325s
